{"HostConfigHash":"18eecb9","CardHash":"fbb0a9f","Error":null}