{"HostConfigHash":"f7dd633","CardHash":"ace9410","Error":null}