{"HostConfigHash":"3ad0646","CardHash":"ace9410","Error":null}