{"HostConfigHash":"81d35a8","CardHash":"fbb0a9f","Error":null}