{"HostConfigHash":"9548fe3","CardHash":"ace9410","Error":null}