{"HostConfigHash":"3ad0646","CardHash":"fbb0a9f","Error":null}