{"HostConfigHash":"9548fe3","CardHash":"fbb0a9f","Error":null}