{"HostConfigHash":"0164943","CardHash":"078dfba","Error":null}