{"HostConfigHash":"18eecb9","CardHash":"ace9410","Error":null}