{"HostConfigHash":"f7dd633","CardHash":"078dfba","Error":null}