{"HostConfigHash":"18eecb9","CardHash":"078dfba","Error":null}