{"HostConfigHash":"81d35a8","CardHash":"078dfba","Error":null}