{"HostConfigHash":"f7dd633","CardHash":"fbb0a9f","Error":null}