{"HostConfigHash":"0164943","CardHash":"ace9410","Error":null}