{"HostConfigHash":"3ad0646","CardHash":"078dfba","Error":null}