{"HostConfigHash":"9548fe3","CardHash":"078dfba","Error":null}