{"HostConfigHash":"81d35a8","CardHash":"ace9410","Error":null}