{"HostConfigHash":"0164943","CardHash":"fbb0a9f","Error":null}